wandb: [wandb.login()] Loaded credentials for https://api.wandb.ai from /Users/shuka/.netrc.
wandb: Currently logged in as: shukanth2004 (shukanth2004-the-ohio-state-university) to https://api.wandb.ai. Use `wandb login --relogin` to force relogin
wandb: Tracking run with wandb version 0.27.0
wandb: Run data is saved locally in /Users/shuka/Documents/vscode/mechanistic_interpretability/wandb/run-20260517_171815-16hmi1rh
wandb: Run `wandb offline` to turn off syncing.
wandb: Syncing run n4-wd0.2-200k-seed0
wandb: ⭐️ View project at https://wandb.ai/shukanth2004-the-ohio-state-university/mechinterp
wandb: 🚀 View run at https://wandb.ai/shukanth2004-the-ohio-state-university/mechinterp/runs/16hmi1rh
Generating dataset: n_nodes=4, n_graphs=200, dataset_seed=42
  train: 1,920 samples | val: 480 samples | vocab size: 8 | seq len: 21
Training: lr=0.001, wd=0.2, n_steps=200,000, seed=0
step    500 | train loss 0.4933 | train acc 0.781 | val loss 1.1390 | val acc 0.602 | ‖g‖ 1.6562 | 6s
step   1000 | train loss 0.3130 | train acc 0.844 | val loss 1.3627 | val acc 0.606 | ‖g‖ 2.7255 | 11s
step   1500 | train loss 0.2724 | train acc 0.883 | val loss 1.4231 | val acc 0.629 | ‖g‖ 3.4469 | 17s
step   2000 | train loss 0.1652 | train acc 0.969 | val loss 1.6900 | val acc 0.615 | ‖g‖ 3.0041 | 23s
step   2500 | train loss 0.1871 | train acc 0.930 | val loss 1.6253 | val acc 0.648 | ‖g‖ 4.0306 | 29s
step   3000 | train loss 0.1127 | train acc 0.969 | val loss 1.7473 | val acc 0.656 | ‖g‖ 1.9972 | 35s
step   3500 | train loss 0.0820 | train acc 0.969 | val loss 1.9423 | val acc 0.640 | ‖g‖ 2.9303 | 41s
step   4000 | train loss 0.0629 | train acc 0.977 | val loss 1.8998 | val acc 0.650 | ‖g‖ 2.3406 | 47s
step   4500 | train loss 0.1494 | train acc 0.953 | val loss 1.7489 | val acc 0.665 | ‖g‖ 4.2794 | 54s
step   5000 | train loss 0.0916 | train acc 0.961 | val loss 1.7995 | val acc 0.665 | ‖g‖ 3.3017 | 60s
step   5500 | train loss 0.1346 | train acc 0.969 | val loss 2.0330 | val acc 0.667 | ‖g‖ 4.4648 | 66s
step   6000 | train loss 0.0972 | train acc 0.961 | val loss 1.9526 | val acc 0.656 | ‖g‖ 6.7124 | 72s
step   6500 | train loss 0.1404 | train acc 0.969 | val loss 1.9182 | val acc 0.625 | ‖g‖ 3.6000 | 78s
step   7000 | train loss 0.0126 | train acc 1.000 | val loss 2.0385 | val acc 0.646 | ‖g‖ 0.4679 | 84s
step   7500 | train loss 0.2364 | train acc 0.906 | val loss 1.4756 | val acc 0.656 | ‖g‖ 3.5228 | 91s
step   8000 | train loss 0.0560 | train acc 0.969 | val loss 1.9803 | val acc 0.644 | ‖g‖ 2.7881 | 97s
step   8500 | train loss 0.0665 | train acc 0.969 | val loss 1.8787 | val acc 0.673 | ‖g‖ 2.6793 | 103s
step   9000 | train loss 0.1447 | train acc 0.930 | val loss 2.0851 | val acc 0.640 | ‖g‖ 6.7625 | 109s
step   9500 | train loss 0.1056 | train acc 0.969 | val loss 2.1775 | val acc 0.671 | ‖g‖ 6.0959 | 115s
step  10000 | train loss 0.1359 | train acc 0.961 | val loss 2.2514 | val acc 0.652 | ‖g‖ 5.2853 | 121s
step  10500 | train loss 0.0221 | train acc 0.992 | val loss 2.0460 | val acc 0.667 | ‖g‖ 1.9488 | 127s
step  11000 | train loss 0.0348 | train acc 0.992 | val loss 2.1051 | val acc 0.642 | ‖g‖ 2.6102 | 133s
step  11500 | train loss 0.0664 | train acc 0.977 | val loss 1.9893 | val acc 0.658 | ‖g‖ 5.0526 | 139s
step  12000 | train loss 0.0968 | train acc 0.969 | val loss 2.1071 | val acc 0.640 | ‖g‖ 5.7990 | 145s
step  12500 | train loss 0.0069 | train acc 1.000 | val loss 2.4473 | val acc 0.656 | ‖g‖ 0.7294 | 151s
step  13000 | train loss 0.0973 | train acc 0.969 | val loss 1.8257 | val acc 0.669 | ‖g‖ 3.5781 | 157s
step  13500 | train loss 0.0524 | train acc 0.977 | val loss 2.1642 | val acc 0.662 | ‖g‖ 4.6446 | 163s
step  14000 | train loss 0.0157 | train acc 1.000 | val loss 1.9729 | val acc 0.656 | ‖g‖ 1.1034 | 170s
step  14500 | train loss 0.0876 | train acc 0.961 | val loss 1.8856 | val acc 0.660 | ‖g‖ 4.6429 | 176s
step  15000 | train loss 0.1159 | train acc 0.953 | val loss 2.0686 | val acc 0.648 | ‖g‖ 4.2831 | 182s
step  15500 | train loss 0.0265 | train acc 0.992 | val loss 2.1214 | val acc 0.677 | ‖g‖ 3.0709 | 188s
step  16000 | train loss 0.0685 | train acc 0.969 | val loss 2.0862 | val acc 0.642 | ‖g‖ 4.4292 | 194s
step  16500 | train loss 0.0903 | train acc 0.961 | val loss 1.9779 | val acc 0.685 | ‖g‖ 4.4244 | 200s
step  17000 | train loss 0.0015 | train acc 1.000 | val loss 2.2264 | val acc 0.679 | ‖g‖ 0.1238 | 206s
step  17500 | train loss 0.2407 | train acc 0.938 | val loss 1.7335 | val acc 0.640 | ‖g‖ 6.2226 | 212s
step  18000 | train loss 0.0862 | train acc 0.969 | val loss 1.7767 | val acc 0.648 | ‖g‖ 4.0947 | 219s
step  18500 | train loss 0.0036 | train acc 1.000 | val loss 2.2397 | val acc 0.688 | ‖g‖ 0.2464 | 225s
step  19000 | train loss 0.0032 | train acc 1.000 | val loss 2.2906 | val acc 0.694 | ‖g‖ 0.4577 | 231s
step  19500 | train loss 0.0681 | train acc 0.992 | val loss 1.8359 | val acc 0.669 | ‖g‖ 2.5927 | 238s
step  20000 | train loss 0.0303 | train acc 0.992 | val loss 1.7930 | val acc 0.683 | ‖g‖ 1.8384 | 244s
step  20500 | train loss 0.0019 | train acc 1.000 | val loss 2.1406 | val acc 0.690 | ‖g‖ 0.1369 | 250s
step  21000 | train loss 0.1001 | train acc 0.969 | val loss 1.5713 | val acc 0.677 | ‖g‖ 6.5900 | 256s
step  21500 | train loss 0.1087 | train acc 0.969 | val loss 1.5997 | val acc 0.679 | ‖g‖ 4.5357 | 262s
step  22000 | train loss 0.0521 | train acc 0.984 | val loss 1.6341 | val acc 0.685 | ‖g‖ 2.7496 | 268s
step  22500 | train loss 0.0017 | train acc 1.000 | val loss 2.0756 | val acc 0.700 | ‖g‖ 0.0798 | 275s
step  23000 | train loss 0.1523 | train acc 0.922 | val loss 1.6566 | val acc 0.685 | ‖g‖ 5.5896 | 282s
step  23500 | train loss 0.1253 | train acc 0.945 | val loss 1.7241 | val acc 0.677 | ‖g‖ 5.4704 | 288s
step  24000 | train loss 0.1361 | train acc 0.961 | val loss 1.5752 | val acc 0.656 | ‖g‖ 5.5515 | 296s
step  24500 | train loss 0.1261 | train acc 0.945 | val loss 1.8349 | val acc 0.677 | ‖g‖ 7.2773 | 303s
step  25000 | train loss 0.0087 | train acc 1.000 | val loss 1.8212 | val acc 0.690 | ‖g‖ 0.7940 | 310s
step  25500 | train loss 0.0019 | train acc 1.000 | val loss 1.9712 | val acc 0.704 | ‖g‖ 0.1677 | 316s
step  26000 | train loss 0.1661 | train acc 0.938 | val loss 1.3821 | val acc 0.675 | ‖g‖ 6.0947 | 323s
step  26500 | train loss 0.0035 | train acc 1.000 | val loss 1.9418 | val acc 0.685 | ‖g‖ 0.1905 | 330s
step  27000 | train loss 0.0018 | train acc 1.000 | val loss 1.8927 | val acc 0.704 | ‖g‖ 0.1122 | 338s
step  27500 | train loss 0.0373 | train acc 0.984 | val loss 1.6735 | val acc 0.673 | ‖g‖ 3.1736 | 345s
step  28000 | train loss 0.1550 | train acc 0.961 | val loss 2.0629 | val acc 0.669 | ‖g‖ 6.2726 | 352s
step  28500 | train loss 0.0243 | train acc 0.992 | val loss 1.8508 | val acc 0.671 | ‖g‖ 2.8706 | 359s
step  29000 | train loss 0.0195 | train acc 1.000 | val loss 1.9119 | val acc 0.667 | ‖g‖ 1.6386 | 366s
step  29500 | train loss 0.0017 | train acc 1.000 | val loss 1.9634 | val acc 0.685 | ‖g‖ 0.1180 | 373s
step  30000 | train loss 0.0709 | train acc 0.977 | val loss 1.7320 | val acc 0.667 | ‖g‖ 4.7617 | 380s
step  30500 | train loss 0.0233 | train acc 0.992 | val loss 1.8245 | val acc 0.671 | ‖g‖ 1.9392 | 386s
step  31000 | train loss 0.0013 | train acc 1.000 | val loss 1.9331 | val acc 0.698 | ‖g‖ 0.0661 | 393s
step  31500 | train loss 0.5770 | train acc 0.797 | val loss 1.0581 | val acc 0.669 | ‖g‖ 8.4406 | 399s
step  32000 | train loss 0.1579 | train acc 0.961 | val loss 1.6093 | val acc 0.702 | ‖g‖ 5.9476 | 406s
step  32500 | train loss 0.0017 | train acc 1.000 | val loss 1.9553 | val acc 0.698 | ‖g‖ 0.0880 | 413s
step  33000 | train loss 0.0264 | train acc 0.992 | val loss 2.0467 | val acc 0.665 | ‖g‖ 2.9528 | 421s
step  33500 | train loss 0.0071 | train acc 1.000 | val loss 1.9066 | val acc 0.675 | ‖g‖ 0.4971 | 428s
step  34000 | train loss 0.0306 | train acc 1.000 | val loss 1.5730 | val acc 0.700 | ‖g‖ 2.2714 | 436s
step  34500 | train loss 0.0013 | train acc 1.000 | val loss 1.8909 | val acc 0.694 | ‖g‖ 0.1262 | 445s
step  35000 | train loss 0.3830 | train acc 0.836 | val loss 0.8911 | val acc 0.665 | ‖g‖ 6.5173 | 451s
step  35500 | train loss 0.0599 | train acc 0.977 | val loss 1.6217 | val acc 0.694 | ‖g‖ 4.5994 | 459s
step  36000 | train loss 0.0435 | train acc 0.984 | val loss 1.7926 | val acc 0.660 | ‖g‖ 3.1454 | 467s
step  36500 | train loss 0.0029 | train acc 1.000 | val loss 1.9311 | val acc 0.671 | ‖g‖ 0.2616 | 475s
step  37000 | train loss 0.0015 | train acc 1.000 | val loss 1.9297 | val acc 0.685 | ‖g‖ 0.1350 | 481s
step  37500 | train loss 0.0187 | train acc 1.000 | val loss 1.7571 | val acc 0.692 | ‖g‖ 1.3894 | 488s
step  38000 | train loss 0.0051 | train acc 1.000 | val loss 2.0124 | val acc 0.688 | ‖g‖ 0.8132 | 495s
step  38500 | train loss 0.0383 | train acc 0.984 | val loss 1.8438 | val acc 0.679 | ‖g‖ 3.3782 | 503s
step  39000 | train loss 0.0011 | train acc 1.000 | val loss 1.9908 | val acc 0.696 | ‖g‖ 0.0532 | 510s
step  39500 | train loss 0.1171 | train acc 0.969 | val loss 1.5358 | val acc 0.646 | ‖g‖ 6.1138 | 517s
step  40000 | train loss 0.0399 | train acc 0.977 | val loss 1.9394 | val acc 0.677 | ‖g‖ 2.7605 | 525s
step  40500 | train loss 0.0018 | train acc 1.000 | val loss 2.0746 | val acc 0.685 | ‖g‖ 0.2341 | 532s
step  41000 | train loss 0.0021 | train acc 1.000 | val loss 1.9350 | val acc 0.700 | ‖g‖ 0.2981 | 539s
step  41500 | train loss 0.0530 | train acc 0.984 | val loss 1.4571 | val acc 0.679 | ‖g‖ 3.0223 | 546s
step  42000 | train loss 0.0018 | train acc 1.000 | val loss 1.9784 | val acc 0.702 | ‖g‖ 0.1202 | 553s
step  42500 | train loss 0.0020 | train acc 1.000 | val loss 1.9169 | val acc 0.696 | ‖g‖ 0.2642 | 559s
step  43000 | train loss 0.0156 | train acc 1.000 | val loss 1.8301 | val acc 0.692 | ‖g‖ 1.5210 | 567s
step  43500 | train loss 0.0019 | train acc 1.000 | val loss 1.9177 | val acc 0.702 | ‖g‖ 0.1430 | 576s
step  44000 | train loss 0.0024 | train acc 1.000 | val loss 1.9714 | val acc 0.706 | ‖g‖ 0.4211 | 584s
step  44500 | train loss 0.1328 | train acc 0.953 | val loss 1.6678 | val acc 0.667 | ‖g‖ 6.5608 | 591s
step  45000 | train loss 0.0066 | train acc 1.000 | val loss 1.7901 | val acc 0.692 | ‖g‖ 0.5596 | 599s
step  45500 | train loss 0.0011 | train acc 1.000 | val loss 1.8258 | val acc 0.710 | ‖g‖ 0.0624 | 607s
step  46000 | train loss 0.0468 | train acc 0.992 | val loss 1.9755 | val acc 0.671 | ‖g‖ 5.0292 | 614s
step  46500 | train loss 0.0016 | train acc 1.000 | val loss 1.7630 | val acc 0.704 | ‖g‖ 0.1542 | 622s
step  47000 | train loss 0.0017 | train acc 1.000 | val loss 1.8389 | val acc 0.706 | ‖g‖ 0.2077 | 629s
step  47500 | train loss 0.0473 | train acc 0.977 | val loss 1.6679 | val acc 0.694 | ‖g‖ 3.6770 | 636s
step  48000 | train loss 0.0142 | train acc 1.000 | val loss 1.6787 | val acc 0.721 | ‖g‖ 2.4183 | 644s
step  48500 | train loss 0.0014 | train acc 1.000 | val loss 1.6558 | val acc 0.704 | ‖g‖ 0.0791 | 652s
step  49000 | train loss 0.0175 | train acc 0.992 | val loss 1.5022 | val acc 0.700 | ‖g‖ 1.3902 | 660s
step  49500 | train loss 0.0151 | train acc 0.992 | val loss 1.5666 | val acc 0.706 | ‖g‖ 1.5977 | 668s
step  50000 | train loss 0.0014 | train acc 1.000 | val loss 1.6578 | val acc 0.717 | ‖g‖ 0.0953 | 703s
step  50500 | train loss 0.0927 | train acc 0.969 | val loss 1.1936 | val acc 0.731 | ‖g‖ 5.0963 | 711s
step  51000 | train loss 0.0074 | train acc 1.000 | val loss 1.5926 | val acc 0.713 | ‖g‖ 0.8413 | 716s
step  51500 | train loss 0.0342 | train acc 0.984 | val loss 1.4029 | val acc 0.744 | ‖g‖ 3.7726 | 722s
step  52000 | train loss 0.0190 | train acc 0.992 | val loss 1.7159 | val acc 0.742 | ‖g‖ 3.4128 | 728s
step  52500 | train loss 0.0014 | train acc 1.000 | val loss 1.5585 | val acc 0.744 | ‖g‖ 0.0941 | 734s
step  53000 | train loss 0.1135 | train acc 0.945 | val loss 1.1390 | val acc 0.742 | ‖g‖ 6.6887 | 740s
step  53500 | train loss 0.0015 | train acc 1.000 | val loss 1.3288 | val acc 0.762 | ‖g‖ 0.1069 | 837s
step  54000 | train loss 0.0013 | train acc 1.000 | val loss 1.3832 | val acc 0.777 | ‖g‖ 0.1033 | 843s
step  54500 | train loss 0.0461 | train acc 0.984 | val loss 1.0210 | val acc 0.794 | ‖g‖ 5.2374 | 850s
step  55000 | train loss 0.0038 | train acc 1.000 | val loss 1.0604 | val acc 0.817 | ‖g‖ 0.8227 | 857s
step  55500 | train loss 0.0018 | train acc 1.000 | val loss 1.0738 | val acc 0.812 | ‖g‖ 0.1347 | 862s
step  56000 | train loss 0.2544 | train acc 0.906 | val loss 0.5430 | val acc 0.802 | ‖g‖ 4.1467 | 868s
step  56500 | train loss 0.0178 | train acc 0.992 | val loss 0.5645 | val acc 0.885 | ‖g‖ 1.7875 | 873s
step  57000 | train loss 0.0014 | train acc 1.000 | val loss 0.7321 | val acc 0.856 | ‖g‖ 0.1223 | 879s
step  57500 | train loss 0.0228 | train acc 1.000 | val loss 0.5152 | val acc 0.881 | ‖g‖ 1.5066 | 1096s
step  58000 | train loss 0.0011 | train acc 1.000 | val loss 0.6737 | val acc 0.875 | ‖g‖ 0.0677 | 1101s
step  58500 | train loss 0.0013 | train acc 1.000 | val loss 0.6359 | val acc 0.877 | ‖g‖ 0.1850 | 1107s
step  59000 | train loss 0.0847 | train acc 0.977 | val loss 0.6320 | val acc 0.873 | ‖g‖ 3.1189 | 1114s
step  59500 | train loss 0.0010 | train acc 1.000 | val loss 0.6017 | val acc 0.902 | ‖g‖ 0.0785 | 1123s
step  60000 | train loss 0.0010 | train acc 1.000 | val loss 0.5842 | val acc 0.902 | ‖g‖ 0.0719 | 1136s
step  60500 | train loss 0.0753 | train acc 0.969 | val loss 0.4158 | val acc 0.902 | ‖g‖ 4.5718 | 1445s
step  61000 | train loss 0.0011 | train acc 1.000 | val loss 0.5372 | val acc 0.912 | ‖g‖ 0.0652 | 1451s
step  61500 | train loss 0.0114 | train acc 1.000 | val loss 0.4831 | val acc 0.894 | ‖g‖ 1.5754 | 1457s
step  62000 | train loss 0.0008 | train acc 1.000 | val loss 0.5388 | val acc 0.910 | ‖g‖ 0.0431 | 1471s
step  62500 | train loss 0.0004 | train acc 1.000 | val loss 0.5567 | val acc 0.900 | ‖g‖ 0.0630 | 1478s
step  63000 | train loss 0.0369 | train acc 0.984 | val loss 0.4201 | val acc 0.887 | ‖g‖ 2.4599 | 1485s
step  63500 | train loss 0.0010 | train acc 1.000 | val loss 0.4807 | val acc 0.912 | ‖g‖ 0.0580 | 2046s
step  64000 | train loss 0.0009 | train acc 1.000 | val loss 0.4985 | val acc 0.908 | ‖g‖ 0.0777 | 2052s
step  64500 | train loss 0.0017 | train acc 1.000 | val loss 0.5162 | val acc 0.902 | ‖g‖ 0.6205 | 2062s
step  65000 | train loss 0.0330 | train acc 0.977 | val loss 0.4144 | val acc 0.915 | ‖g‖ 2.8484 | 2069s
step  65500 | train loss 0.0006 | train acc 1.000 | val loss 0.4164 | val acc 0.917 | ‖g‖ 0.0316 | 2076s
step  66000 | train loss 0.0009 | train acc 1.000 | val loss 0.4444 | val acc 0.915 | ‖g‖ 0.0959 | 2083s
step  66500 | train loss 0.0207 | train acc 0.992 | val loss 0.4591 | val acc 0.898 | ‖g‖ 2.6556 | 2095s
step  67000 | train loss 0.0013 | train acc 1.000 | val loss 0.4099 | val acc 0.923 | ‖g‖ 0.0688 | 2101s
step  67500 | train loss 0.0011 | train acc 1.000 | val loss 0.4195 | val acc 0.919 | ‖g‖ 0.0796 | 2112s
step  68000 | train loss 0.0007 | train acc 1.000 | val loss 0.4634 | val acc 0.908 | ‖g‖ 0.0706 | 2121s
step  68500 | train loss 0.0148 | train acc 1.000 | val loss 0.3398 | val acc 0.898 | ‖g‖ 1.8531 | 2129s
step  69000 | train loss 0.0008 | train acc 1.000 | val loss 0.4060 | val acc 0.921 | ‖g‖ 0.0324 | 2137s
step  69500 | train loss 0.0009 | train acc 1.000 | val loss 0.4241 | val acc 0.919 | ‖g‖ 0.0592 | 2147s
step  70000 | train loss 0.0451 | train acc 0.977 | val loss 0.3546 | val acc 0.915 | ‖g‖ 3.8210 | 2153s
step  70500 | train loss 0.0358 | train acc 0.984 | val loss 0.3788 | val acc 0.917 | ‖g‖ 4.4037 | 2160s
step  71000 | train loss 0.0007 | train acc 1.000 | val loss 0.3872 | val acc 0.925 | ‖g‖ 0.0451 | 2166s
step  71500 | train loss 0.0008 | train acc 1.000 | val loss 0.4098 | val acc 0.917 | ‖g‖ 0.0544 | 2172s
step  72000 | train loss 0.0009 | train acc 1.000 | val loss 0.4245 | val acc 0.904 | ‖g‖ 0.0923 | 2179s
step  72500 | train loss 0.0118 | train acc 0.992 | val loss 0.4239 | val acc 0.906 | ‖g‖ 2.1153 | 2185s
step  73000 | train loss 0.0009 | train acc 1.000 | val loss 0.3823 | val acc 0.921 | ‖g‖ 0.0596 | 2190s
step  73500 | train loss 0.0006 | train acc 1.000 | val loss 0.3850 | val acc 0.919 | ‖g‖ 0.0441 | 2197s
step  74000 | train loss 0.0617 | train acc 0.984 | val loss 0.2583 | val acc 0.919 | ‖g‖ 3.0566 | 2203s
step  74500 | train loss 0.0074 | train acc 1.000 | val loss 0.4050 | val acc 0.912 | ‖g‖ 0.6487 | 2210s
step  75000 | train loss 0.0011 | train acc 1.000 | val loss 0.4197 | val acc 0.912 | ‖g‖ 0.0851 | 2216s
step  75500 | train loss 0.0009 | train acc 1.000 | val loss 0.4446 | val acc 0.915 | ‖g‖ 0.0657 | 2223s
step  76000 | train loss 0.0036 | train acc 1.000 | val loss 0.4363 | val acc 0.904 | ‖g‖ 0.2654 | 2229s
step  76500 | train loss 0.0009 | train acc 1.000 | val loss 0.4343 | val acc 0.910 | ‖g‖ 0.0438 | 2234s
step  77000 | train loss 0.0007 | train acc 1.000 | val loss 0.4639 | val acc 0.917 | ‖g‖ 0.0488 | 2241s
step  77500 | train loss 0.0955 | train acc 0.969 | val loss 0.4185 | val acc 0.890 | ‖g‖ 5.2848 | 2248s
step  78000 | train loss 0.0006 | train acc 1.000 | val loss 0.4298 | val acc 0.917 | ‖g‖ 0.0425 | 2256s
step  78500 | train loss 0.0008 | train acc 1.000 | val loss 0.4685 | val acc 0.917 | ‖g‖ 0.1013 | 2262s
step  79000 | train loss 0.0165 | train acc 0.992 | val loss 0.3374 | val acc 0.910 | ‖g‖ 1.4224 | 2268s
step  79500 | train loss 0.0008 | train acc 1.000 | val loss 0.4637 | val acc 0.910 | ‖g‖ 0.0344 | 2275s
step  80000 | train loss 0.0006 | train acc 1.000 | val loss 0.4942 | val acc 0.906 | ‖g‖ 0.0613 | 2282s
step  80500 | train loss 0.0475 | train acc 0.977 | val loss 0.3867 | val acc 0.892 | ‖g‖ 3.1619 | 2288s
step  81000 | train loss 0.0010 | train acc 1.000 | val loss 0.4610 | val acc 0.917 | ‖g‖ 0.0860 | 2294s
step  81500 | train loss 0.0007 | train acc 1.000 | val loss 0.4989 | val acc 0.902 | ‖g‖ 0.0917 | 2302s
step  82000 | train loss 0.0034 | train acc 1.000 | val loss 0.4043 | val acc 0.912 | ‖g‖ 0.3337 | 2308s
step  82500 | train loss 0.0005 | train acc 1.000 | val loss 0.4182 | val acc 0.919 | ‖g‖ 0.0413 | 2314s
step  83000 | train loss 0.0005 | train acc 1.000 | val loss 0.4597 | val acc 0.912 | ‖g‖ 0.0379 | 2320s
step  83500 | train loss 0.0042 | train acc 1.000 | val loss 0.4312 | val acc 0.904 | ‖g‖ 0.6346 | 2327s
step  84000 | train loss 0.0009 | train acc 1.000 | val loss 0.4454 | val acc 0.912 | ‖g‖ 0.0531 | 2334s
step  84500 | train loss 0.0009 | train acc 1.000 | val loss 0.4940 | val acc 0.910 | ‖g‖ 0.0997 | 2340s
step  85000 | train loss 0.0066 | train acc 1.000 | val loss 0.4355 | val acc 0.900 | ‖g‖ 0.4168 | 2347s
step  85500 | train loss 0.0009 | train acc 1.000 | val loss 0.4676 | val acc 0.921 | ‖g‖ 0.0513 | 2353s
step  86000 | train loss 0.0010 | train acc 1.000 | val loss 0.5097 | val acc 0.915 | ‖g‖ 0.0731 | 2360s
step  86500 | train loss 0.0139 | train acc 1.000 | val loss 0.3111 | val acc 0.908 | ‖g‖ 0.5775 | 2367s
step  87000 | train loss 0.0356 | train acc 0.984 | val loss 0.4867 | val acc 0.881 | ‖g‖ 2.4761 | 2374s
step  87500 | train loss 0.0009 | train acc 1.000 | val loss 0.4359 | val acc 0.912 | ‖g‖ 0.0546 | 2380s
step  88000 | train loss 0.0018 | train acc 1.000 | val loss 0.4454 | val acc 0.906 | ‖g‖ 0.1532 | 2387s
step  88500 | train loss 0.0008 | train acc 1.000 | val loss 0.4802 | val acc 0.915 | ‖g‖ 0.0498 | 2395s
step  89000 | train loss 0.0611 | train acc 0.984 | val loss 0.2638 | val acc 0.910 | ‖g‖ 2.0969 | 2403s
step  89500 | train loss 0.0006 | train acc 1.000 | val loss 0.4595 | val acc 0.908 | ‖g‖ 0.0294 | 2409s
step  90000 | train loss 0.0008 | train acc 1.000 | val loss 0.4576 | val acc 0.910 | ‖g‖ 0.0575 | 2417s
step  90500 | train loss 0.0005 | train acc 1.000 | val loss 0.5068 | val acc 0.912 | ‖g‖ 0.0423 | 2424s
step  91000 | train loss 0.0007 | train acc 1.000 | val loss 0.4663 | val acc 0.904 | ‖g‖ 0.0443 | 2431s
step  91500 | train loss 0.0005 | train acc 1.000 | val loss 0.5085 | val acc 0.904 | ‖g‖ 0.0405 | 2438s
step  92000 | train loss 0.0011 | train acc 1.000 | val loss 0.5626 | val acc 0.908 | ‖g‖ 0.2098 | 2447s
step  92500 | train loss 0.0007 | train acc 1.000 | val loss 0.4519 | val acc 0.912 | ‖g‖ 0.0307 | 2456s
step  93000 | train loss 0.0005 | train acc 1.000 | val loss 0.4809 | val acc 0.912 | ‖g‖ 0.0429 | 2646s
step  93500 | train loss 0.0007 | train acc 1.000 | val loss 0.5298 | val acc 0.910 | ‖g‖ 0.0704 | 2652s
step  94000 | train loss 0.0371 | train acc 0.992 | val loss 0.4483 | val acc 0.912 | ‖g‖ 2.7332 | 2663s
step  94500 | train loss 0.0007 | train acc 1.000 | val loss 0.4536 | val acc 0.915 | ‖g‖ 0.0379 | 2670s
step  95000 | train loss 0.0034 | train acc 1.000 | val loss 0.4974 | val acc 0.904 | ‖g‖ 0.6778 | 2677s
step  95500 | train loss 0.0007 | train acc 1.000 | val loss 0.4607 | val acc 0.912 | ‖g‖ 0.0366 | 2685s
step  96000 | train loss 0.0008 | train acc 1.000 | val loss 0.5105 | val acc 0.910 | ‖g‖ 0.1051 | 3013s
step  96500 | train loss 0.0032 | train acc 1.000 | val loss 0.4275 | val acc 0.912 | ‖g‖ 0.3186 | 3019s
step  97000 | train loss 0.0009 | train acc 1.000 | val loss 0.4709 | val acc 0.910 | ‖g‖ 0.0453 | 3026s
step  97500 | train loss 0.0394 | train acc 0.992 | val loss 0.2915 | val acc 0.902 | ‖g‖ 1.4435 | 3033s
step  98000 | train loss 0.0008 | train acc 1.000 | val loss 0.4544 | val acc 0.915 | ‖g‖ 0.0343 | 3041s
step  98500 | train loss 0.0011 | train acc 1.000 | val loss 0.4988 | val acc 0.917 | ‖g‖ 0.0768 | 3048s
step  99000 | train loss 0.0376 | train acc 0.992 | val loss 0.4133 | val acc 0.904 | ‖g‖ 2.4743 | 3056s
step  99500 | train loss 0.0007 | train acc 1.000 | val loss 0.4415 | val acc 0.917 | ‖g‖ 0.0332 | 3248s
step 100000 | train loss 0.0010 | train acc 1.000 | val loss 0.4940 | val acc 0.915 | ‖g‖ 0.0838 | 3253s
step 100500 | train loss 0.1795 | train acc 0.961 | val loss 0.3569 | val acc 0.877 | ‖g‖ 5.1718 | 3258s
step 101000 | train loss 0.0013 | train acc 1.000 | val loss 0.4248 | val acc 0.912 | ‖g‖ 0.0679 | 3264s
step 101500 | train loss 0.0006 | train acc 1.000 | val loss 0.4438 | val acc 0.921 | ‖g‖ 0.0424 | 3273s
step 102000 | train loss 0.0009 | train acc 1.000 | val loss 0.4992 | val acc 0.915 | ‖g‖ 0.0666 | 3281s
step 102500 | train loss 0.0013 | train acc 1.000 | val loss 0.4316 | val acc 0.908 | ‖g‖ 0.1219 | 3580s
step 103000 | train loss 0.0007 | train acc 1.000 | val loss 0.4574 | val acc 0.908 | ‖g‖ 0.0379 | 3586s
step 103500 | train loss 0.0007 | train acc 1.000 | val loss 0.4898 | val acc 0.917 | ‖g‖ 0.1191 | 3591s
step 104000 | train loss 0.0210 | train acc 0.992 | val loss 0.4063 | val acc 0.915 | ‖g‖ 1.5724 | 3597s
step 104500 | train loss 0.0006 | train acc 1.000 | val loss 0.4667 | val acc 0.906 | ‖g‖ 0.0363 | 3606s
step 105000 | train loss 0.0010 | train acc 1.000 | val loss 0.4953 | val acc 0.910 | ‖g‖ 0.1758 | 3615s
step 105500 | train loss 0.0373 | train acc 0.992 | val loss 0.3131 | val acc 0.917 | ‖g‖ 2.5830 | 3622s
step 106000 | train loss 0.0007 | train acc 1.000 | val loss 0.4154 | val acc 0.917 | ‖g‖ 0.0409 | 3630s
step 106500 | train loss 0.0009 | train acc 1.000 | val loss 0.4656 | val acc 0.906 | ‖g‖ 0.0851 | 3638s
step 107000 | train loss 0.0254 | train acc 1.000 | val loss 0.3800 | val acc 0.904 | ‖g‖ 1.6470 | 3649s
step 107500 | train loss 0.0010 | train acc 1.000 | val loss 0.4666 | val acc 0.910 | ‖g‖ 0.0689 | 3655s
step 108000 | train loss 0.0012 | train acc 1.000 | val loss 0.4852 | val acc 0.917 | ‖g‖ 0.1887 | 3663s
step 108500 | train loss 0.0960 | train acc 0.977 | val loss 0.3635 | val acc 0.887 | ‖g‖ 5.1647 | 3672s
step 109000 | train loss 0.0007 | train acc 1.000 | val loss 0.4731 | val acc 0.910 | ‖g‖ 0.0815 | 3680s
step 109500 | train loss 0.0008 | train acc 1.000 | val loss 0.4658 | val acc 0.915 | ‖g‖ 0.0431 | 3688s
step 110000 | train loss 0.1284 | train acc 0.961 | val loss 0.3518 | val acc 0.890 | ‖g‖ 5.6321 | 3713s
step 110500 | train loss 0.0157 | train acc 0.992 | val loss 0.4234 | val acc 0.906 | ‖g‖ 1.4584 | 3718s
step 111000 | train loss 0.0005 | train acc 1.000 | val loss 0.4494 | val acc 0.919 | ‖g‖ 0.0310 | 3730s
step 111500 | train loss 0.0007 | train acc 1.000 | val loss 0.4905 | val acc 0.910 | ‖g‖ 0.0588 | 3738s
step 112000 | train loss 0.0049 | train acc 1.000 | val loss 0.4673 | val acc 0.892 | ‖g‖ 0.5596 | 3745s
step 112500 | train loss 0.0006 | train acc 1.000 | val loss 0.4826 | val acc 0.910 | ‖g‖ 0.0298 | 3753s
step 113000 | train loss 0.0013 | train acc 1.000 | val loss 0.4985 | val acc 0.906 | ‖g‖ 0.2718 | 3848s
step 113500 | train loss 0.0587 | train acc 0.992 | val loss 0.3963 | val acc 0.885 | ‖g‖ 2.0314 | 3854s
step 114000 | train loss 0.0348 | train acc 0.984 | val loss 0.4879 | val acc 0.902 | ‖g‖ 2.4173 | 3862s
step 114500 | train loss 0.0013 | train acc 1.000 | val loss 0.4436 | val acc 0.923 | ‖g‖ 0.0869 | 3869s
step 115000 | train loss 0.0010 | train acc 1.000 | val loss 0.4753 | val acc 0.915 | ‖g‖ 0.0713 | 3877s
step 115500 | train loss 0.0242 | train acc 0.992 | val loss 0.3104 | val acc 0.915 | ‖g‖ 1.6162 | 3884s
step 116000 | train loss 0.0083 | train acc 1.000 | val loss 0.3739 | val acc 0.917 | ‖g‖ 0.6248 | 4446s
step 116500 | train loss 0.0010 | train acc 1.000 | val loss 0.4398 | val acc 0.908 | ‖g‖ 0.0518 | 4453s
step 117000 | train loss 0.0012 | train acc 1.000 | val loss 0.5220 | val acc 0.898 | ‖g‖ 0.1790 | 4459s
step 117500 | train loss 0.0033 | train acc 1.000 | val loss 0.3692 | val acc 0.908 | ‖g‖ 0.1781 | 4466s
step 118000 | train loss 0.0006 | train acc 1.000 | val loss 0.4461 | val acc 0.910 | ‖g‖ 0.0322 | 4474s
step 118500 | train loss 0.0010 | train acc 1.000 | val loss 0.4964 | val acc 0.908 | ‖g‖ 0.1151 | 4482s
step 119000 | train loss 0.0219 | train acc 0.992 | val loss 0.4025 | val acc 0.894 | ‖g‖ 1.1510 | 4490s
step 119500 | train loss 0.0008 | train acc 1.000 | val loss 0.4692 | val acc 0.915 | ‖g‖ 0.0498 | 4497s
step 120000 | train loss 0.0009 | train acc 1.000 | val loss 0.4967 | val acc 0.919 | ‖g‖ 0.1194 | 4505s
step 120500 | train loss 0.0257 | train acc 0.984 | val loss 0.3494 | val acc 0.906 | ‖g‖ 2.3671 | 4513s
step 121000 | train loss 0.0006 | train acc 1.000 | val loss 0.4870 | val acc 0.906 | ‖g‖ 0.0385 | 4522s
step 121500 | train loss 0.0008 | train acc 1.000 | val loss 0.4926 | val acc 0.912 | ‖g‖ 0.0509 | 4529s
step 122000 | train loss 0.1241 | train acc 0.953 | val loss 0.3200 | val acc 0.902 | ‖g‖ 3.6037 | 4537s
step 122500 | train loss 0.0285 | train acc 0.977 | val loss 0.3521 | val acc 0.923 | ‖g‖ 2.1230 | 4544s
step 123000 | train loss 0.0008 | train acc 1.000 | val loss 0.4460 | val acc 0.917 | ‖g‖ 0.0458 | 4551s
step 123500 | train loss 0.0008 | train acc 1.000 | val loss 0.4897 | val acc 0.910 | ‖g‖ 0.0989 | 4557s
step 124000 | train loss 0.0005 | train acc 1.000 | val loss 0.4345 | val acc 0.910 | ‖g‖ 0.0290 | 4564s
step 124500 | train loss 0.0009 | train acc 1.000 | val loss 0.4632 | val acc 0.910 | ‖g‖ 0.1293 | 4571s
step 125000 | train loss 0.0009 | train acc 1.000 | val loss 0.4533 | val acc 0.912 | ‖g‖ 0.0652 | 4578s
step 125500 | train loss 0.0007 | train acc 1.000 | val loss 0.4964 | val acc 0.906 | ‖g‖ 0.0482 | 4583s
step 126000 | train loss 0.0007 | train acc 1.000 | val loss 0.5256 | val acc 0.908 | ‖g‖ 0.0640 | 4589s
step 126500 | train loss 0.0009 | train acc 1.000 | val loss 0.4802 | val acc 0.908 | ‖g‖ 0.0585 | 4595s
step 127000 | train loss 0.0006 | train acc 1.000 | val loss 0.4773 | val acc 0.912 | ‖g‖ 0.0339 | 4601s
step 127500 | train loss 0.0004 | train acc 1.000 | val loss 0.5086 | val acc 0.915 | ‖g‖ 0.0264 | 4607s
step 128000 | train loss 0.0009 | train acc 1.000 | val loss 0.4566 | val acc 0.906 | ‖g‖ 0.0479 | 4613s
step 128500 | train loss 0.0007 | train acc 1.000 | val loss 0.4608 | val acc 0.910 | ‖g‖ 0.0421 | 4620s
step 129000 | train loss 0.0377 | train acc 0.992 | val loss 0.3316 | val acc 0.912 | ‖g‖ 2.7355 | 4626s
step 129500 | train loss 0.0010 | train acc 1.000 | val loss 0.4400 | val acc 0.919 | ‖g‖ 0.0531 | 4632s
step 130000 | train loss 0.0014 | train acc 1.000 | val loss 0.4612 | val acc 0.917 | ‖g‖ 0.2021 | 4638s
step 130500 | train loss 0.0061 | train acc 1.000 | val loss 0.4279 | val acc 0.906 | ‖g‖ 1.1229 | 4644s
step 131000 | train loss 0.0012 | train acc 1.000 | val loss 0.4703 | val acc 0.912 | ‖g‖ 0.1786 | 4650s
step 131500 | train loss 0.0331 | train acc 0.984 | val loss 0.3174 | val acc 0.906 | ‖g‖ 2.0894 | 4656s
step 132000 | train loss 0.0005 | train acc 1.000 | val loss 0.4325 | val acc 0.923 | ‖g‖ 0.0315 | 4662s
step 132500 | train loss 0.0009 | train acc 1.000 | val loss 0.4552 | val acc 0.919 | ‖g‖ 0.0513 | 4668s
step 133000 | train loss 0.0426 | train acc 0.984 | val loss 0.4687 | val acc 0.898 | ‖g‖ 5.6502 | 4673s
step 133500 | train loss 0.0009 | train acc 1.000 | val loss 0.4292 | val acc 0.919 | ‖g‖ 0.0591 | 4679s
step 134000 | train loss 0.0008 | train acc 1.000 | val loss 0.4541 | val acc 0.917 | ‖g‖ 0.0755 | 4686s
step 134500 | train loss 0.0350 | train acc 0.984 | val loss 0.3550 | val acc 0.908 | ‖g‖ 2.7371 | 4691s
step 135000 | train loss 0.0010 | train acc 1.000 | val loss 0.4274 | val acc 0.919 | ‖g‖ 0.0635 | 4697s
step 135500 | train loss 0.0010 | train acc 1.000 | val loss 0.4619 | val acc 0.917 | ‖g‖ 0.1174 | 4703s
step 136000 | train loss 0.0558 | train acc 0.977 | val loss 0.3113 | val acc 0.908 | ‖g‖ 2.8790 | 4709s
step 136500 | train loss 0.0007 | train acc 1.000 | val loss 0.5232 | val acc 0.904 | ‖g‖ 0.0481 | 4715s
step 137000 | train loss 0.0011 | train acc 1.000 | val loss 0.4773 | val acc 0.906 | ‖g‖ 0.0694 | 4721s
step 137500 | train loss 0.0006 | train acc 1.000 | val loss 0.5008 | val acc 0.912 | ‖g‖ 0.0556 | 4727s
step 138000 | train loss 0.0093 | train acc 1.000 | val loss 0.3497 | val acc 0.919 | ‖g‖ 0.4551 | 4733s
step 138500 | train loss 0.0007 | train acc 1.000 | val loss 0.4377 | val acc 0.910 | ‖g‖ 0.0341 | 4738s
step 139000 | train loss 0.0006 | train acc 1.000 | val loss 0.5024 | val acc 0.908 | ‖g‖ 0.0590 | 4745s
step 139500 | train loss 0.0304 | train acc 0.984 | val loss 0.4334 | val acc 0.892 | ‖g‖ 1.7167 | 4751s
step 140000 | train loss 0.0007 | train acc 1.000 | val loss 0.4440 | val acc 0.912 | ‖g‖ 0.0434 | 4770s
step 140500 | train loss 0.0010 | train acc 1.000 | val loss 0.4626 | val acc 0.910 | ‖g‖ 0.1269 | 4775s
step 141000 | train loss 0.0044 | train acc 1.000 | val loss 0.4608 | val acc 0.898 | ‖g‖ 1.0913 | 4782s
step 141500 | train loss 0.0008 | train acc 1.000 | val loss 0.4403 | val acc 0.915 | ‖g‖ 0.0601 | 4787s
step 142000 | train loss 0.0010 | train acc 1.000 | val loss 0.4618 | val acc 0.917 | ‖g‖ 0.1602 | 4793s
step 142500 | train loss 0.1765 | train acc 0.953 | val loss 0.5456 | val acc 0.904 | ‖g‖ 15.0339 | 4798s
step 143000 | train loss 0.0075 | train acc 1.000 | val loss 0.3785 | val acc 0.912 | ‖g‖ 1.5040 | 4804s
step 143500 | train loss 0.0272 | train acc 0.992 | val loss 0.4650 | val acc 0.910 | ‖g‖ 2.5173 | 4810s
step 144000 | train loss 0.0012 | train acc 1.000 | val loss 0.4546 | val acc 0.915 | ‖g‖ 0.1064 | 4816s
step 144500 | train loss 0.0054 | train acc 1.000 | val loss 0.3416 | val acc 0.919 | ‖g‖ 0.6252 | 4821s
step 145000 | train loss 0.0006 | train acc 1.000 | val loss 0.4428 | val acc 0.917 | ‖g‖ 0.0504 | 4827s
step 145500 | train loss 0.0008 | train acc 1.000 | val loss 0.4869 | val acc 0.908 | ‖g‖ 0.0875 | 4833s
step 146000 | train loss 0.0143 | train acc 0.992 | val loss 0.4396 | val acc 0.917 | ‖g‖ 3.3602 | 4840s
step 146500 | train loss 0.0008 | train acc 1.000 | val loss 0.4385 | val acc 0.910 | ‖g‖ 0.0546 | 4846s
step 147000 | train loss 0.0012 | train acc 1.000 | val loss 0.4742 | val acc 0.908 | ‖g‖ 0.1897 | 5001s
step 147500 | train loss 0.0007 | train acc 1.000 | val loss 0.5026 | val acc 0.902 | ‖g‖ 0.0697 | 5006s
step 148000 | train loss 0.0053 | train acc 1.000 | val loss 0.4296 | val acc 0.906 | ‖g‖ 0.4758 | 5012s
step 148500 | train loss 0.0012 | train acc 1.000 | val loss 0.4391 | val acc 0.927 | ‖g‖ 0.0906 | 5017s
step 149000 | train loss 0.0008 | train acc 1.000 | val loss 0.4658 | val acc 0.921 | ‖g‖ 0.0497 | 5022s
step 149500 | train loss 0.0013 | train acc 1.000 | val loss 0.4266 | val acc 0.919 | ‖g‖ 0.0765 | 5028s
step 150000 | train loss 0.0011 | train acc 1.000 | val loss 0.4496 | val acc 0.908 | ‖g‖ 0.0604 | 5034s
step 150500 | train loss 0.0009 | train acc 1.000 | val loss 0.4813 | val acc 0.904 | ‖g‖ 0.0835 | 5040s
step 151000 | train loss 0.0014 | train acc 1.000 | val loss 0.4641 | val acc 0.910 | ‖g‖ 0.2283 | 5046s
step 151500 | train loss 0.0012 | train acc 1.000 | val loss 0.4442 | val acc 0.910 | ‖g‖ 0.1032 | 5052s
step 152000 | train loss 0.0009 | train acc 1.000 | val loss 0.4686 | val acc 0.902 | ‖g‖ 0.1104 | 5057s
step 152500 | train loss 0.0011 | train acc 1.000 | val loss 0.4282 | val acc 0.919 | ‖g‖ 0.0849 | 5063s
step 153000 | train loss 0.0007 | train acc 1.000 | val loss 0.4634 | val acc 0.917 | ‖g‖ 0.0563 | 5069s
step 153500 | train loss 0.0134 | train acc 1.000 | val loss 0.4219 | val acc 0.906 | ‖g‖ 1.1774 | 5075s
step 154000 | train loss 0.0007 | train acc 1.000 | val loss 0.4492 | val acc 0.910 | ‖g‖ 0.0813 | 5081s
step 154500 | train loss 0.0008 | train acc 1.000 | val loss 0.4799 | val acc 0.906 | ‖g‖ 0.0522 | 5087s
step 155000 | train loss 0.0008 | train acc 1.000 | val loss 0.5358 | val acc 0.906 | ‖g‖ 0.1325 | 5093s
step 155500 | train loss 0.0017 | train acc 1.000 | val loss 0.4355 | val acc 0.904 | ‖g‖ 0.1219 | 5099s
step 156000 | train loss 0.0010 | train acc 1.000 | val loss 0.4701 | val acc 0.906 | ‖g‖ 0.0690 | 5106s
step 156500 | train loss 0.0030 | train acc 1.000 | val loss 0.5084 | val acc 0.904 | ‖g‖ 1.6315 | 5114s
step 157000 | train loss 0.0017 | train acc 1.000 | val loss 0.3929 | val acc 0.925 | ‖g‖ 0.0878 | 5120s
step 157500 | train loss 0.0006 | train acc 1.000 | val loss 0.4431 | val acc 0.919 | ‖g‖ 0.0435 | 5126s
step 158000 | train loss 0.0099 | train acc 0.992 | val loss 0.3878 | val acc 0.912 | ‖g‖ 0.9897 | 5132s
step 158500 | train loss 0.0006 | train acc 1.000 | val loss 0.4477 | val acc 0.917 | ‖g‖ 0.0394 | 5138s
step 159000 | train loss 0.0007 | train acc 1.000 | val loss 0.5053 | val acc 0.917 | ‖g‖ 0.0825 | 5144s
step 159500 | train loss 0.0111 | train acc 1.000 | val loss 0.3604 | val acc 0.921 | ‖g‖ 0.8442 | 5150s
step 160000 | train loss 0.0007 | train acc 1.000 | val loss 0.4089 | val acc 0.917 | ‖g‖ 0.0360 | 5157s
step 160500 | train loss 0.0008 | train acc 1.000 | val loss 0.4415 | val acc 0.919 | ‖g‖ 0.0549 | 5163s
step 161000 | train loss 0.3046 | train acc 0.898 | val loss 0.4628 | val acc 0.842 | ‖g‖ 5.2462 | 5170s
step 161500 | train loss 0.0039 | train acc 1.000 | val loss 0.3850 | val acc 0.908 | ‖g‖ 0.2567 | 5178s
step 162000 | train loss 0.0008 | train acc 1.000 | val loss 0.4294 | val acc 0.919 | ‖g‖ 0.0475 | 5185s
step 162500 | train loss 0.0008 | train acc 1.000 | val loss 0.4766 | val acc 0.908 | ‖g‖ 0.0763 | 5191s
step 163000 | train loss 0.0062 | train acc 1.000 | val loss 0.3707 | val acc 0.921 | ‖g‖ 0.3715 | 5197s
step 163500 | train loss 0.0007 | train acc 1.000 | val loss 0.4204 | val acc 0.910 | ‖g‖ 0.0462 | 5204s
step 164000 | train loss 0.0012 | train acc 1.000 | val loss 0.4612 | val acc 0.915 | ‖g‖ 0.1817 | 5210s
step 164500 | train loss 0.0060 | train acc 1.000 | val loss 0.4039 | val acc 0.912 | ‖g‖ 0.6018 | 5216s
step 165000 | train loss 0.0008 | train acc 1.000 | val loss 0.3963 | val acc 0.921 | ‖g‖ 0.0540 | 5222s
step 165500 | train loss 0.0006 | train acc 1.000 | val loss 0.4331 | val acc 0.921 | ‖g‖ 0.0503 | 5228s
step 166000 | train loss 0.0006 | train acc 1.000 | val loss 0.4653 | val acc 0.921 | ‖g‖ 0.0795 | 5235s
step 166500 | train loss 0.0020 | train acc 1.000 | val loss 0.4172 | val acc 0.923 | ‖g‖ 0.2156 | 5241s
step 167000 | train loss 0.0007 | train acc 1.000 | val loss 0.4426 | val acc 0.908 | ‖g‖ 0.0389 | 5248s
step 167500 | train loss 0.0008 | train acc 1.000 | val loss 0.4857 | val acc 0.910 | ‖g‖ 0.0648 | 5256s
step 168000 | train loss 0.0388 | train acc 0.984 | val loss 0.3256 | val acc 0.910 | ‖g‖ 3.4724 | 5265s
step 168500 | train loss 0.0085 | train acc 0.992 | val loss 0.4118 | val acc 0.933 | ‖g‖ 2.2684 | 5275s
step 169000 | train loss 0.0007 | train acc 1.000 | val loss 0.4151 | val acc 0.919 | ‖g‖ 0.0420 | 5285s
step 169500 | train loss 0.0007 | train acc 1.000 | val loss 0.4286 | val acc 0.919 | ‖g‖ 0.0437 | 5293s
step 170000 | train loss 0.0064 | train acc 1.000 | val loss 0.3936 | val acc 0.921 | ‖g‖ 0.9486 | 5301s
step 170500 | train loss 0.0010 | train acc 1.000 | val loss 0.4078 | val acc 0.917 | ‖g‖ 0.0838 | 5308s
step 171000 | train loss 0.0007 | train acc 1.000 | val loss 0.4711 | val acc 0.910 | ‖g‖ 0.0717 | 5315s
step 171500 | train loss 0.0011 | train acc 1.000 | val loss 0.4115 | val acc 0.915 | ‖g‖ 0.0674 | 5323s
step 172000 | train loss 0.0012 | train acc 1.000 | val loss 0.4413 | val acc 0.915 | ‖g‖ 0.1082 | 5330s
step 172500 | train loss 0.0424 | train acc 0.984 | val loss 0.3464 | val acc 0.910 | ‖g‖ 4.0051 | 5338s
step 173000 | train loss 0.0006 | train acc 1.000 | val loss 0.3988 | val acc 0.921 | ‖g‖ 0.0621 | 5345s
step 173500 | train loss 0.0009 | train acc 1.000 | val loss 0.4284 | val acc 0.915 | ‖g‖ 0.0938 | 5354s
step 174000 | train loss 0.0585 | train acc 0.992 | val loss 0.3456 | val acc 0.917 | ‖g‖ 3.1342 | 5361s
step 174500 | train loss 0.0009 | train acc 1.000 | val loss 0.4150 | val acc 0.910 | ‖g‖ 0.0796 | 5369s
step 175000 | train loss 0.0008 | train acc 1.000 | val loss 0.4536 | val acc 0.921 | ‖g‖ 0.1045 | 5377s
step 175500 | train loss 0.0009 | train acc 1.000 | val loss 0.3855 | val acc 0.919 | ‖g‖ 0.0518 | 5384s
step 176000 | train loss 0.0009 | train acc 1.000 | val loss 0.4361 | val acc 0.917 | ‖g‖ 0.0945 | 5392s
step 176500 | train loss 0.0232 | train acc 0.992 | val loss 0.3873 | val acc 0.912 | ‖g‖ 1.8014 | 5401s
step 177000 | train loss 0.0013 | train acc 1.000 | val loss 0.4318 | val acc 0.921 | ‖g‖ 0.1286 | 5409s
step 177500 | train loss 0.0010 | train acc 1.000 | val loss 0.4651 | val acc 0.915 | ‖g‖ 0.0877 | 5416s
step 178000 | train loss 0.0039 | train acc 1.000 | val loss 0.4482 | val acc 0.900 | ‖g‖ 0.2301 | 5423s
step 178500 | train loss 0.0008 | train acc 1.000 | val loss 0.4053 | val acc 0.927 | ‖g‖ 0.0482 | 5432s
step 179000 | train loss 0.0008 | train acc 1.000 | val loss 0.4409 | val acc 0.925 | ‖g‖ 0.0550 | 5442s
step 179500 | train loss 0.0663 | train acc 0.969 | val loss 0.2500 | val acc 0.921 | ‖g‖ 2.8588 | 5451s
step 180000 | train loss 0.0007 | train acc 1.000 | val loss 0.4180 | val acc 0.915 | ‖g‖ 0.0313 | 5461s
step 180500 | train loss 0.0010 | train acc 1.000 | val loss 0.4400 | val acc 0.910 | ‖g‖ 0.0871 | 5471s
step 181000 | train loss 0.0007 | train acc 1.000 | val loss 0.4790 | val acc 0.910 | ‖g‖ 0.0800 | 5482s
step 181500 | train loss 0.0005 | train acc 1.000 | val loss 0.3903 | val acc 0.925 | ‖g‖ 0.0292 | 5492s
step 182000 | train loss 0.0008 | train acc 1.000 | val loss 0.4151 | val acc 0.917 | ‖g‖ 0.0499 | 5502s
step 182500 | train loss 0.0006 | train acc 1.000 | val loss 0.4547 | val acc 0.919 | ‖g‖ 0.0677 | 5511s
step 183000 | train loss 0.0029 | train acc 1.000 | val loss 0.4293 | val acc 0.919 | ‖g‖ 0.2469 | 5520s
step 183500 | train loss 0.0008 | train acc 1.000 | val loss 0.4204 | val acc 0.921 | ‖g‖ 0.0436 | 5529s
step 184000 | train loss 0.0005 | train acc 1.000 | val loss 0.4526 | val acc 0.917 | ‖g‖ 0.0450 | 5537s
step 184500 | train loss 0.0261 | train acc 0.992 | val loss 0.3386 | val acc 0.917 | ‖g‖ 1.8532 | 5546s
step 185000 | train loss 0.0013 | train acc 1.000 | val loss 0.3989 | val acc 0.915 | ‖g‖ 0.1009 | 5555s
step 185500 | train loss 0.0013 | train acc 1.000 | val loss 0.4303 | val acc 0.917 | ‖g‖ 0.1302 | 5565s
step 186000 | train loss 0.0008 | train acc 1.000 | val loss 0.4600 | val acc 0.915 | ‖g‖ 0.0659 | 5574s
step 186500 | train loss 0.0131 | train acc 0.992 | val loss 0.4036 | val acc 0.917 | ‖g‖ 1.6406 | 5582s
step 187000 | train loss 0.0008 | train acc 1.000 | val loss 0.4081 | val acc 0.915 | ‖g‖ 0.0629 | 5592s
step 187500 | train loss 0.0006 | train acc 1.000 | val loss 0.4428 | val acc 0.919 | ‖g‖ 0.0452 | 5600s
step 188000 | train loss 0.0081 | train acc 1.000 | val loss 0.3012 | val acc 0.908 | ‖g‖ 0.5166 | 5609s
step 188500 | train loss 0.0013 | train acc 1.000 | val loss 0.4137 | val acc 0.921 | ‖g‖ 0.0908 | 5618s
step 189000 | train loss 0.0771 | train acc 0.969 | val loss 0.3810 | val acc 0.896 | ‖g‖ 5.6509 | 5630s
step 189500 | train loss 0.0009 | train acc 1.000 | val loss 0.4300 | val acc 0.917 | ‖g‖ 0.0621 | 5642swandb: updating run metadata
wandb: uploading output.log; uploading wandb-summary.json; uploading config.yaml
wandb: 
wandb: Run history:
wandb:       train/acc ▇▅██▇▆█▆▇▁▇█▇██▆███████████████████▇████
wandb: train/grad_norm ▄▅▄██▅▄▁▇▂▁▁▁▃▆▃▂▅▁▄▁▁▆▁▁▁▁▁▁▁▁▂▁▁▃▂▁▁▄▁
wandb:      train/loss █▁▁▃▁▁▅▁▁▁▁▁▁▁▄▄▃▁▁▂▁▁▁▁▅▂▁▁▁▁▁▁▃▁▁▁▁▁▁▁
wandb:         val/acc ▁▂▂▁▂▂▃▄████████████████▇██████▆████████
wandb:        val/loss ▆▆███▇▇▆▇▇▆▂▂▁▂▁▁▁▁▂▂▁▁▂▁▂▂▁▁▂▁▁▁▁▁▁▁▁▁▁
wandb: 
wandb: Run summary:
wandb:       train/acc 1
wandb: train/grad_norm 0.07799
wandb:      train/loss 0.00081
wandb:         val/acc 0.9125
wandb:        val/loss 0.42502
wandb: 
wandb: 🚀 View run n4-wd0.2-200k-seed0 at: https://wandb.ai/shukanth2004-the-ohio-state-university/mechinterp/runs/16hmi1rh
wandb: ⭐️ View project at: https://wandb.ai/shukanth2004-the-ohio-state-university/mechinterp
wandb: Synced 5 W&B file(s), 0 media file(s), 0 artifact file(s) and 0 other file(s)
wandb: Find logs at: ./wandb/run-20260517_171815-16hmi1rh/logs

step 190000 | train loss 0.0005 | train acc 1.000 | val loss 0.4463 | val acc 0.915 | ‖g‖ 0.0610 | 5654s
step 190500 | train loss 0.1132 | train acc 0.953 | val loss 0.3785 | val acc 0.879 | ‖g‖ 5.4416 | 5663s
step 191000 | train loss 0.0008 | train acc 1.000 | val loss 0.3743 | val acc 0.921 | ‖g‖ 0.0518 | 5673s
step 191500 | train loss 0.0007 | train acc 1.000 | val loss 0.4163 | val acc 0.919 | ‖g‖ 0.0377 | 5681s
step 192000 | train loss 0.0006 | train acc 1.000 | val loss 0.4839 | val acc 0.912 | ‖g‖ 0.0600 | 5688s
step 192500 | train loss 0.0008 | train acc 1.000 | val loss 0.4301 | val acc 0.921 | ‖g‖ 0.0657 | 5696s
step 193000 | train loss 0.0009 | train acc 1.000 | val loss 0.4213 | val acc 0.921 | ‖g‖ 0.0652 | 5704s
step 193500 | train loss 0.0008 | train acc 1.000 | val loss 0.4005 | val acc 0.923 | ‖g‖ 0.0459 | 5712s
step 194000 | train loss 0.0009 | train acc 1.000 | val loss 0.4271 | val acc 0.925 | ‖g‖ 0.0755 | 5719s
step 194500 | train loss 0.0006 | train acc 1.000 | val loss 0.4582 | val acc 0.919 | ‖g‖ 0.0871 | 5726s
step 195000 | train loss 0.0007 | train acc 1.000 | val loss 0.4042 | val acc 0.931 | ‖g‖ 0.0509 | 5737s
step 195500 | train loss 0.0006 | train acc 1.000 | val loss 0.4564 | val acc 0.910 | ‖g‖ 0.0701 | 5747s
step 196000 | train loss 0.0006 | train acc 1.000 | val loss 0.4850 | val acc 0.919 | ‖g‖ 0.0791 | 5755s
step 196500 | train loss 0.0008 | train acc 1.000 | val loss 0.4211 | val acc 0.919 | ‖g‖ 0.0379 | 5762s
step 197000 | train loss 0.0007 | train acc 1.000 | val loss 0.4646 | val acc 0.906 | ‖g‖ 0.0500 | 5769s
step 197500 | train loss 0.0005 | train acc 1.000 | val loss 0.4990 | val acc 0.915 | ‖g‖ 0.0487 | 5776s
step 198000 | train loss 0.0006 | train acc 1.000 | val loss 0.4159 | val acc 0.917 | ‖g‖ 0.0283 | 5785s
step 198500 | train loss 0.0007 | train acc 1.000 | val loss 0.4419 | val acc 0.917 | ‖g‖ 0.0576 | 5798s
step 199000 | train loss 0.0164 | train acc 0.992 | val loss 0.3345 | val acc 0.910 | ‖g‖ 2.1995 | 5811s
step 199500 | train loss 0.0006 | train acc 1.000 | val loss 0.3954 | val acc 0.917 | ‖g‖ 0.0330 | 5821s
step 200000 | train loss 0.0008 | train acc 1.000 | val loss 0.4250 | val acc 0.912 | ‖g‖ 0.0780 | 5832s
